mvn : WARNING: A terminally deprecated 
method in sun.misc.Unsafe has been called
At line:1 char:1
+ mvn compile 2>&1 | Out-File -FilePath 
compile_errors.txt; Get-Content ...
+ ~~~~~~~~~~~~~~~~
    + CategoryInfo          : NotSpecifie 
   d: (WARNING: A term...has been called  
  :String) [], RemoteException
    + FullyQualifiedErrorId : NativeComma 
   ndError
 
WARNING: sun.misc.Unsafe::staticFieldBase 
has been called by com.google.inject.inter
nal.aop.HiddenClassDefiner (file:/C:/Progr
amData/chocolatey/lib/maven/apache-maven-3
.9.11/lib/guice-5.1.0-classes.jar)
WARNING: Please consider reporting this 
to the maintainers of class com.google.inj
ect.internal.aop.HiddenClassDefiner
WARNING: sun.misc.Unsafe::staticFieldBase 
will be removed in a future release
[INFO] Scanning for projects...
[INFO] 
[INFO] -----------------< com.walletplatform:wallet-platform >-----------------
[INFO] Building Digital Wallet Platform 1.0.0-SNAPSHOT
[INFO]   from pom.xml
[INFO] --------------------------------[ jar ]---------------------------------
[INFO] 
[INFO] --- resources:3.3.1:resources (default-resources) @ wallet-platform ---
[INFO] Copying 1 resource from src\main\resources to target\classes
[INFO] Copying 0 resource from src\main\resources to target\classes
[INFO] 
[INFO] --- compiler:3.13.0:compile (default-compile) @ wallet-platform ---
[INFO] Recompiling the module because of changed source code.
[INFO] Compiling 86 source files with javac [debug parameters release 21] to target\classes
[INFO] -------------------------------------------------------------
[ERROR] COMPILATION ERROR : 
[INFO] -------------------------------------------------------------
[ERROR] /C:/Users/fwagbara/source/repos/Assignments/Payment Platform/backend/src/main/java/com/walletplatform/shared/dto/AuthResponse.java:[3,8] duplicate class: com.walletplatform.api.dto.AuthResponse
[ERROR] /C:/Users/fwagbara/source/repos/Assignments/Payment Platform/backend/src/main/java/com/walletplatform/shared/dto/CreateWalletRequest.java:[6,8] duplicate class: com.walletplatform.api.dto.CreateWalletRequest
[ERROR] /C:/Users/fwagbara/source/repos/Assignments/Payment Platform/backend/src/main/java/com/walletplatform/shared/dto/LoginRequest.java:[6,8] duplicate class: com.walletplatform.api.dto.LoginRequest
[ERROR] /C:/Users/fwagbara/source/repos/Assignments/Payment Platform/backend/src/main/java/com/walletplatform/shared/dto/RegisterRequest.java:[7,8] duplicate class: com.walletplatform.api.dto.RegisterRequest
[ERROR] /C:/Users/fwagbara/source/repos/Assignments/Payment Platform/backend/src/main/java/com/walletplatform/shared/dto/TopUpRequest.java:[7,8] duplicate class: com.walletplatform.api.dto.TopUpRequest
[ERROR] /C:/Users/fwagbara/source/repos/Assignments/Payment Platform/backend/src/main/java/com/walletplatform/shared/dto/TransactionResponse.java:[7,8] duplicate class: com.walletplatform.api.dto.TransactionResponse
[ERROR] /C:/Users/fwagbara/source/repos/Assignments/Payment Platform/backend/src/main/java/com/walletplatform/shared/dto/TransferRequest.java:[8,8] duplicate class: com.walletplatform.api.dto.TransferRequest
[ERROR] /C:/Users/fwagbara/source/repos/Assignments/Payment Platform/backend/src/main/java/com/walletplatform/shared/dto/UpdateDailyLimitRequest.java:[7,8] duplicate class: com.walletplatform.api.dto.UpdateDailyLimitRequest
[ERROR] /C:/Users/fwagbara/source/repos/Assignments/Payment Platform/backend/src/main/java/com/walletplatform/shared/dto/UserResponse.java:[5,8] duplicate class: com.walletplatform.api.dto.UserResponse
[ERROR] /C:/Users/fwagbara/source/repos/Assignments/Payment Platform/backend/src/main/java/com/walletplatform/shared/dto/WalletResponse.java:[7,8] duplicate class: com.walletplatform.api.dto.WalletResponse
[ERROR] /C:/Users/fwagbara/source/repos/Assignments/Payment Platform/backend/src/main/java/com/walletplatform/shared/dto/WithdrawRequest.java:[9,8] duplicate class: com.walletplatform.api.dto.WithdrawRequest
[ERROR] /C:/Users/fwagbara/source/repos/Assignments/Payment Platform/backend/src/main/java/com/walletplatform/shared/mapper/DtoMapper.java:[12,8] duplicate class: com.walletplatform.api.mapper.DtoMapper
[ERROR] /C:/Users/fwagbara/source/repos/Assignments/Payment Platform/backend/src/main/java/com/walletplatform/admin/api/AdminController.java:[8,39] package com.walletplatform.domain.model does not exist
[ERROR] /C:/Users/fwagbara/source/repos/Assignments/Payment Platform/backend/src/main/java/com/walletplatform/admin/application/AdminService.java:[3,39] package com.walletplatform.domain.model does not exist
[ERROR] /C:/Users/fwagbara/source/repos/Assignments/Payment Platform/backend/src/main/java/com/walletplatform/admin/application/AdminService.java:[4,39] package com.walletplatform.domain.model does not exist
[ERROR] /C:/Users/fwagbara/source/repos/Assignments/Payment Platform/backend/src/main/java/com/walletplatform/admin/application/AdminService.java:[5,39] package com.walletplatform.domain.model does not exist
[ERROR] /C:/Users/fwagbara/source/repos/Assignments/Payment Platform/backend/src/main/java/com/walletplatform/admin/application/AdminService.java:[6,39] package com.walletplatform.domain.model does not exist
[ERROR] /C:/Users/fwagbara/source/repos/Assignments/Payment Platform/backend/src/main/java/com/walletplatform/admin/application/AdminService.java:[7,39] package com.walletplatform.domain.model does not exist
[ERROR] /C:/Users/fwagbara/source/repos/Assignments/Payment Platform/backend/src/main/java/com/walletplatform/admin/application/AdminService.java:[8,53] package com.walletplatform.infrastructure.persistence does not exist
[ERROR] /C:/Users/fwagbara/source/repos/Assignments/Payment Platform/backend/src/main/java/com/walletplatform/admin/application/AdminService.java:[9,53] package com.walletplatform.infrastructure.persistence does not exist
[ERROR] /C:/Users/fwagbara/source/repos/Assignments/Payment Platform/backend/src/main/java/com/walletplatform/admin/application/AdminService.java:[10,53] package com.walletplatform.infrastructure.persistence does not exist
[ERROR] /C:/Users/fwagbara/source/repos/Assignments/Payment Platform/backend/src/main/java/com/walletplatform/api/mapper/DtoMapper.java:[6,39] package com.walletplatform.domain.model does not exist
[ERROR] /C:/Users/fwagbara/source/repos/Assignments/Payment Platform/backend/src/main/java/com/walletplatform/api/mapper/DtoMapper.java:[7,39] package com.walletplatform.domain.model does not exist
[ERROR] /C:/Users/fwagbara/source/repos/Assignments/Payment Platform/backend/src/main/java/com/walletplatform/api/mapper/DtoMapper.java:[8,39] package com.walletplatform.domain.model does not exist
[ERROR] /C:/Users/fwagbara/source/repos/Assignments/Payment Platform/backend/src/main/java/com/walletplatform/api/mapper/DtoMapper.java:[14,44] cannot find symbol
  symbol:   class Wallet
  location: class com.walletplatform.api.mapper.DtoMapper
[ERROR] /C:/Users/fwagbara/source/repos/Assignments/Payment Platform/backend/src/main/java/com/walletplatform/api/mapper/DtoMapper.java:[31,44] cannot find symbol
  symbol:   class Wallet
  location: class com.walletplatform.api.mapper.DtoMapper
[ERROR] /C:/Users/fwagbara/source/repos/Assignments/Payment Platform/backend/src/main/java/com/walletplatform/api/mapper/DtoMapper.java:[45,54] cannot find symbol
  symbol:   class Transaction
  location: class com.walletplatform.api.mapper.DtoMapper
[ERROR] /C:/Users/fwagbara/source/repos/Assignments/Payment Platform/backend/src/main/java/com/walletplatform/api/mapper/DtoMapper.java:[63,40] cannot find symbol
  symbol:   class User
  location: class com.walletplatform.api.mapper.DtoMapper
[ERROR] /C:/Users/fwagbara/source/repos/Assignments/Payment Platform/backend/src/main/java/com/walletplatform/admin/application/AdminService.java:[30,19] cannot find symbol
  symbol:   class UserRepository
  location: class com.walletplatform.admin.application.AdminService
[ERROR] /C:/Users/fwagbara/source/repos/Assignments/Payment Platform/backend/src/main/java/com/walletplatform/admin/application/AdminService.java:[31,19] cannot find symbol
  symbol:   class WalletRepository
  location: class com.walletplatform.admin.application.AdminService
[ERROR] /C:/Users/fwagbara/source/repos/Assignments/Payment Platform/backend/src/main/java/com/walletplatform/admin/application/AdminService.java:[32,19] cannot find symbol
  symbol:   class TransactionRepository
  location: class com.walletplatform.admin.application.AdminService
[ERROR] /C:/Users/fwagbara/source/repos/Assignments/Payment Platform/backend/src/main/java/com/walletplatform/ledger/application/BalanceService.java:[3,53] package com.walletplatform.infrastructure.persistence does not exist
[ERROR] /C:/Users/fwagbara/source/repos/Assignments/Payment Platform/backend/src/main/java/com/walletplatform/ledger/application/LedgerService.java:[3,39] package com.walletplatform.domain.model does not exist
[ERROR] /C:/Users/fwagbara/source/repos/Assignments/Payment Platform/backend/src/main/java/com/walletplatform/ledger/application/LedgerService.java:[4,39] package com.walletplatform.domain.model does not exist
[ERROR] /C:/Users/fwagbara/source/repos/Assignments/Payment Platform/backend/src/main/java/com/walletplatform/ledger/application/LedgerService.java:[5,39] package com.walletplatform.domain.model does not exist
[ERROR] /C:/Users/fwagbara/source/repos/Assignments/Payment Platform/backend/src/main/java/com/walletplatform/ledger/application/LedgerService.java:[6,39] package com.walletplatform.domain.model does not exist
[ERROR] /C:/Users/fwagbara/source/repos/Assignments/Payment Platform/backend/src/main/java/com/walletplatform/ledger/application/LedgerService.java:[7,53] package com.walletplatform.infrastructure.persistence does not exist
[ERROR] /C:/Users/fwagbara/source/repos/Assignments/Payment Platform/backend/src/main/java/com/walletplatform/admin/application/AdminService.java:[36,25] cannot find symbol
  symbol:   class UserRepository
  location: class com.walletplatform.admin.application.AdminService
[ERROR] /C:/Users/fwagbara/source/repos/Assignments/Payment Platform/backend/src/main/java/com/walletplatform/admin/application/AdminService.java:[36,56] cannot find symbol
  symbol:   class WalletRepository
  location: class com.walletplatform.admin.application.AdminService
[ERROR] /C:/Users/fwagbara/source/repos/Assignments/Payment Platform/backend/src/main/java/com/walletplatform/admin/application/AdminService.java:[37,25] cannot find symbol
  symbol:   class TransactionRepository
  location: class com.walletplatform.admin.application.AdminService
[ERROR] /C:/Users/fwagbara/source/repos/Assignments/Payment Platform/backend/src/main/java/com/walletplatform/admin/application/AdminService.java:[49,17] cannot find symbol
  symbol:   class User
  location: class com.walletplatform.admin.application.AdminService
[ERROR] /C:/Users/fwagbara/source/repos/Assignments/Payment Platform/backend/src/main/java/com/walletplatform/admin/application/AdminService.java:[54,21] cannot find symbol
  symbol:   class User
  location: class com.walletplatform.admin.application.AdminService
[ERROR] /C:/Users/fwagbara/source/repos/Assignments/Payment Platform/backend/src/main/java/com/walletplatform/admin/application/AdminService.java:[59,17] cannot find symbol
  symbol:   class Wallet
  location: class com.walletplatform.admin.application.AdminService
[ERROR] /C:/Users/fwagbara/source/repos/Assignments/Payment Platform/backend/src/main/java/com/walletplatform/admin/application/AdminService.java:[64,21] cannot find symbol
  symbol:   class User
  location: class com.walletplatform.admin.application.AdminService
[ERROR] /C:/Users/fwagbara/source/repos/Assignments/Payment Platform/backend/src/main/java/com/walletplatform/admin/application/AdminService.java:[76,17] cannot find symbol
  symbol:   class Wallet
  location: class com.walletplatform.admin.application.AdminService
[ERROR] /C:/Users/fwagbara/source/repos/Assignments/Payment Platform/backend/src/main/java/com/walletplatform/admin/application/AdminService.java:[83,17] cannot find symbol
  symbol:   class Transaction
  location: class com.walletplatform.admin.application.AdminService
[ERROR] /C:/Users/fwagbara/source/repos/Assignments/Payment Platform/backend/src/main/java/com/walletplatform/ledger/application/LedgerService.java:[26,19] cannot find symbol
  symbol:   class LedgerEntryRepository
  location: class com.walletplatform.ledger.application.LedgerService
[ERROR] /C:/Users/fwagbara/source/repos/Assignments/Payment Platform/backend/src/main/java/com/walletplatform/ledger/application/LedgerService.java:[28,26] cannot find symbol
  symbol:   class LedgerEntryRepository
  location: class com.walletplatform.ledger.application.LedgerService
[ERROR] /C:/Users/fwagbara/source/repos/Assignments/Payment Platform/backend/src/main/java/com/walletplatform/ledger/application/LedgerService.java:[38,42] cannot find symbol
  symbol:   class Transaction
  location: class com.walletplatform.ledger.application.LedgerService
[ERROR] /C:/Users/fwagbara/source/repos/Assignments/Payment Platform/backend/src/main/java/com/walletplatform/ledger/application/LedgerService.java:[38,67] cannot find symbol
  symbol:   class Wallet
  location: class com.walletplatform.ledger.application.LedgerService
[ERROR] /C:/Users/fwagbara/source/repos/Assignments/Payment Platform/backend/src/main/java/com/walletplatform/ledger/application/LedgerService.java:[38,17] cannot find symbol
  symbol:   class LedgerEntry
  location: class com.walletplatform.ledger.application.LedgerService
[ERROR] /C:/Users/fwagbara/source/repos/Assignments/Payment Platform/backend/src/main/java/com/walletplatform/ledger/application/LedgerService.java:[52,47] cannot find symbol
  symbol:   class Transaction
  location: class com.walletplatform.ledger.application.LedgerService
[ERROR] /C:/Users/fwagbara/source/repos/Assignments/Payment Platform/backend/src/main/java/com/walletplatform/ledger/application/LedgerService.java:[52,72] cannot find symbol
  symbol:   class Wallet
  location: class com.walletplatform.ledger.application.LedgerService
[ERROR] /C:/Users/fwagbara/source/repos/Assignments/Payment Platform/backend/src/main/java/com/walletplatform/ledger/application/LedgerService.java:[52,17] cannot find symbol
  symbol:   class LedgerEntry
  location: class com.walletplatform.ledger.application.LedgerService
[ERROR] /C:/Users/fwagbara/source/repos/Assignments/Payment Platform/backend/src/main/java/com/walletplatform/ledger/application/LedgerService.java:[66,57] cannot find symbol
  symbol:   class Transaction
  location: class com.walletplatform.ledger.application.LedgerService
[ERROR] /C:/Users/fwagbara/source/repos/Assignments/Payment Platform/backend/src/main/java/com/walletplatform/ledger/application/LedgerService.java:[67,58] cannot find symbol
  symbol:   class Wallet
  location: class com.walletplatform.ledger.application.LedgerService
[ERROR] /C:/Users/fwagbara/source/repos/Assignments/Payment Platform/backend/src/main/java/com/walletplatform/ledger/application/LedgerService.java:[68,58] cannot find symbol
  symbol:   class Wallet
  location: class com.walletplatform.ledger.application.LedgerService
[ERROR] /C:/Users/fwagbara/source/repos/Assignments/Payment Platform/backend/src/main/java/com/walletplatform/ledger/application/LedgerService.java:[66,17] cannot find symbol
  symbol:   class LedgerEntry
  location: class com.walletplatform.ledger.application.LedgerService
[ERROR] /C:/Users/fwagbara/source/repos/Assignments/Payment Platform/backend/src/main/java/com/walletplatform/ledger/application/LedgerService.java:[87,58] cannot find symbol
  symbol:   class Transaction
  location: class com.walletplatform.ledger.application.LedgerService
[ERROR] /C:/Users/fwagbara/source/repos/Assignments/Payment Platform/backend/src/main/java/com/walletplatform/ledger/application/LedgerService.java:[88,59] cannot find symbol
  symbol:   class Wallet
  location: class com.walletplatform.ledger.application.LedgerService
[ERROR] /C:/Users/fwagbara/source/repos/Assignments/Payment Platform/backend/src/main/java/com/walletplatform/ledger/application/LedgerService.java:[89,59] cannot find symbol
  symbol:   class Wallet
  location: class com.walletplatform.ledger.application.LedgerService
[ERROR] /C:/Users/fwagbara/source/repos/Assignments/Payment Platform/backend/src/main/java/com/walletplatform/ledger/application/LedgerService.java:[87,17] cannot find symbol
  symbol:   class LedgerEntry
  location: class com.walletplatform.ledger.application.LedgerService
[ERROR] /C:/Users/fwagbara/source/repos/Assignments/Payment Platform/backend/src/main/java/com/walletplatform/ledger/application/LedgerService.java:[105,17] cannot find symbol
  symbol:   class LedgerEntry
  location: class com.walletplatform.ledger.application.LedgerService
[ERROR] /C:/Users/fwagbara/source/repos/Assignments/Payment Platform/backend/src/main/java/com/walletplatform/ledger/application/LedgerService.java:[113,17] cannot find symbol
  symbol:   class LedgerEntry
  location: class com.walletplatform.ledger.application.LedgerService
[ERROR] /C:/Users/fwagbara/source/repos/Assignments/Payment Platform/backend/src/main/java/com/walletplatform/ledger/application/LedgerService.java:[133,40] cannot find symbol
  symbol:   class Currency
  location: class com.walletplatform.ledger.application.LedgerService
[ERROR] /C:/Users/fwagbara/source/repos/Assignments/Payment Platform/backend/src/main/java/com/walletplatform/ledger/application/BalanceService.java:[17,19] cannot find symbol
  symbol:   class LedgerEntryRepository
  location: class com.walletplatform.ledger.application.BalanceService
[ERROR] /C:/Users/fwagbara/source/repos/Assignments/Payment Platform/backend/src/main/java/com/walletplatform/ledger/application/BalanceService.java:[19,27] cannot find symbol
  symbol:   class LedgerEntryRepository
  location: class com.walletplatform.ledger.application.BalanceService
[ERROR] /C:/Users/fwagbara/source/repos/Assignments/Payment Platform/backend/src/main/java/com/walletplatform/api/dto/CreateWalletRequest.java:[3,39] package com.walletplatform.domain.model does not exist
[ERROR] /C:/Users/fwagbara/source/repos/Assignments/Payment Platform/backend/src/main/java/com/walletplatform/api/dto/CreateWalletRequest.java:[9,13] cannot find symbol
  symbol:   class Currency
  location: class com.walletplatform.api.dto.CreateWalletRequest
[ERROR] /C:/Users/fwagbara/source/repos/Assignments/Payment Platform/backend/src/main/java/com/walletplatform/api/dto/CreateWalletRequest.java:[12,32] cannot find symbol
  symbol:   class Currency
  location: class com.walletplatform.api.dto.CreateWalletRequest
[ERROR] /C:/Users/fwagbara/source/repos/Assignments/Payment Platform/backend/src/main/java/com/walletplatform/api/dto/CreateWalletRequest.java:[14,12] cannot find symbol
  symbol:   class Currency
  location: class com.walletplatform.api.dto.CreateWalletRequest
[ERROR] /C:/Users/fwagbara/source/repos/Assignments/Payment Platform/backend/src/main/java/com/walletplatform/api/dto/CreateWalletRequest.java:[15,29] cannot find symbol
  symbol:   class Currency
  location: class com.walletplatform.api.dto.CreateWalletRequest
[ERROR] /C:/Users/fwagbara/source/repos/Assignments/Payment Platform/backend/src/main/java/com/walletplatform/api/exception/GlobalExceptionHandler.java:[45,63] cannot find symbol
  symbol:   class DomainException
  location: class com.walletplatform.api.exception.GlobalExceptionHandler
[ERROR] /C:/Users/fwagbara/source/repos/Assignments/Payment Platform/backend/src/main/java/com/walletplatform/api/exception/GlobalExceptionHandler.java:[52,72] cannot find symbol
  symbol:   class InsufficientFundsException
  location: class com.walletplatform.api.exception.GlobalExceptionHandler
[ERROR] /C:/Users/fwagbara/source/repos/Assignments/Payment Platform/backend/src/main/java/com/walletplatform/api/exception/GlobalExceptionHandler.java:[59,73] cannot find symbol
  symbol:   class DailyLimitExceededException
  location: class com.walletplatform.api.exception.GlobalExceptionHandler
[ERROR] /C:/Users/fwagbara/source/repos/Assignments/Payment Platform/backend/src/main/java/com/walletplatform/api/exception/GlobalExceptionHandler.java:[3,33] package com.walletplatform.domain.exception does not exist
[ERROR] /C:/Users/fwagbara/source/repos/Assignments/Payment Platform/backend/src/main/java/com/walletplatform/identity/api/AuthController.java:[7,39] package com.walletplatform.domain.model does not exist
[ERROR] /C:/Users/fwagbara/source/repos/Assignments/Payment Platform/backend/src/main/java/com/walletplatform/identity/api/UserController.java:[7,39] package com.walletplatform.domain.model does not exist
[ERROR] /C:/Users/fwagbara/source/repos/Assignments/Payment Platform/backend/src/main/java/com/walletplatform/identity/api/UserController.java:[8,39] package com.walletplatform.domain.model does not exist
[ERROR] /C:/Users/fwagbara/source/repos/Assignments/Payment Platform/backend/src/main/java/com/walletplatform/wallet/application/WalletService.java:[3,39] package com.walletplatform.domain.event does not exist
[ERROR] /C:/Users/fwagbara/source/repos/Assignments/Payment Platform/backend/src/main/java/com/walletplatform/wallet/application/WalletService.java:[4,43] package com.walletplatform.domain.exception does not exist
[ERROR] /C:/Users/fwagbara/source/repos/Assignments/Payment Platform/backend/src/main/java/com/walletplatform/wallet/application/WalletService.java:[5,43] package com.walletplatform.domain.exception does not exist
[ERROR] /C:/Users/fwagbara/source/repos/Assignments/Payment Platform/backend/src/main/java/com/walletplatform/wallet/application/WalletService.java:[6,43] package com.walletplatform.domain.exception does not exist
[ERROR] /C:/Users/fwagbara/source/repos/Assignments/Payment Platform/backend/src/main/java/com/walletplatform/wallet/application/WalletService.java:[8,48] package com.walletplatform.infrastructure.config does not exist
[ERROR] /C:/Users/fwagbara/source/repos/Assignments/Payment Platform/backend/src/main/java/com/walletplatform/wallet/application/WalletService.java:[9,53] package com.walletplatform.infrastructure.persistence does not exist
[ERROR] /C:/Users/fwagbara/source/repos/Assignments/Payment Platform/backend/src/main/java/com/walletplatform/wallet/application/WalletService.java:[10,53] package com.walletplatform.infrastructure.persistence does not exist
[ERROR] /C:/Users/fwagbara/source/repos/Assignments/Payment Platform/backend/src/main/java/com/walletplatform/wallet/application/WalletService.java:[27,19] cannot find symbol
  symbol:   class WalletRepository
  location: class com.walletplatform.wallet.application.WalletService
[ERROR] /C:/Users/fwagbara/source/repos/Assignments/Payment Platform/backend/src/main/java/com/walletplatform/wallet/application/WalletService.java:[28,19] cannot find symbol
  symbol:   class TransactionRepository
  location: class com.walletplatform.wallet.application.WalletService
[ERROR] /C:/Users/fwagbara/source/repos/Assignments/Payment Platform/backend/src/main/java/com/walletplatform/wallet/application/WalletService.java:[29,19] cannot find symbol
  symbol:   class ExchangeRateService
  location: class com.walletplatform.wallet.application.WalletService
[ERROR] /C:/Users/fwagbara/source/repos/Assignments/Payment Platform/backend/src/main/java/com/walletplatform/wallet/application/WalletService.java:[33,26] cannot find symbol
  symbol:   class WalletRepository
  location: class com.walletplatform.wallet.application.WalletService
[ERROR] /C:/Users/fwagbara/source/repos/Assignments/Payment Platform/backend/src/main/java/com/walletplatform/wallet/application/WalletService.java:[33,61] cannot find symbol
  symbol:   class TransactionRepository
  location: class com.walletplatform.wallet.application.WalletService
[ERROR] /C:/Users/fwagbara/source/repos/Assignments/Payment Platform/backend/src/main/java/com/walletplatform/wallet/application/WalletService.java:[34,26] cannot find symbol
  symbol:   class ExchangeRateService
  location: class com.walletplatform.wallet.application.WalletService
[ERROR] /C:/Users/fwagbara/source/repos/Assignments/Payment Platform/backend/src/main/java/com/walletplatform/wallet/application/WalletService.java:[44,32] cannot find symbol
  symbol:   class User
  location: class com.walletplatform.wallet.application.WalletService
[ERROR] /C:/Users/fwagbara/source/repos/Assignments/Payment Platform/backend/src/main/java/com/walletplatform/wallet/application/WalletService.java:[44,44] cannot find symbol
  symbol:   class Currency
  location: class com.walletplatform.wallet.application.WalletService
[ERROR] /C:/Users/fwagbara/source/repos/Assignments/Payment Platform/backend/src/main/java/com/walletplatform/wallet/application/WalletService.java:[44,12] cannot find symbol
  symbol:   class Wallet
  location: class com.walletplatform.wallet.application.WalletService
[ERROR] /C:/Users/fwagbara/source/repos/Assignments/Payment Platform/backend/src/main/java/com/walletplatform/wallet/application/WalletService.java:[70,17] cannot find symbol
  symbol:   class Wallet
  location: class com.walletplatform.wallet.application.WalletService
[ERROR] /C:/Users/fwagbara/source/repos/Assignments/Payment Platform/backend/src/main/java/com/walletplatform/wallet/application/WalletService.java:[75,12] cannot find symbol
  symbol:   class Wallet
  location: class com.walletplatform.wallet.application.WalletService
[ERROR] /C:/Users/fwagbara/source/repos/Assignments/Payment Platform/backend/src/main/java/com/walletplatform/wallet/application/WalletService.java:[81,12] cannot find symbol
  symbol:   class Wallet
  location: class com.walletplatform.wallet.application.WalletService
[ERROR] /C:/Users/fwagbara/source/repos/Assignments/Payment Platform/backend/src/main/java/com/walletplatform/wallet/application/WalletService.java:[87,12] cannot find symbol
  symbol:   class Transaction
  location: class com.walletplatform.wallet.application.WalletService
[ERROR] /C:/Users/fwagbara/source/repos/Assignments/Payment Platform/backend/src/main/java/com/walletplatform/wallet/application/WalletService.java:[138,12] cannot find symbol
  symbol:   class Transaction
  location: class com.walletplatform.wallet.application.WalletService
[INFO] 100 errors 
[INFO] -------------------------------------------------------------
[INFO] ------------------------------------------------------------------------
[INFO] BUILD FAILURE
[INFO] ------------------------------------------------------------------------
[INFO] Total time:  8.163 s
[INFO] Finished at: 2025-12-16T09:32:06+01:00
[INFO] ------------------------------------------------------------------------
[ERROR] Failed to execute goal org.apache.maven.plugins:maven-compiler-plugin:3.13.0:compile (default-compile) on project wallet-platform: Compilation failure: Compilation failure: 
[ERROR] /C:/Users/fwagbara/source/repos/Assignments/Payment Platform/backend/src/main/java/com/walletplatform/shared/dto/AuthResponse.java:[3,8] duplicate class: com.walletplatform.api.dto.AuthResponse
[ERROR] /C:/Users/fwagbara/source/repos/Assignments/Payment Platform/backend/src/main/java/com/walletplatform/shared/dto/CreateWalletRequest.java:[6,8] duplicate class: com.walletplatform.api.dto.CreateWalletRequest
[ERROR] /C:/Users/fwagbara/source/repos/Assignments/Payment Platform/backend/src/main/java/com/walletplatform/shared/dto/LoginRequest.java:[6,8] duplicate class: com.walletplatform.api.dto.LoginRequest
[ERROR] /C:/Users/fwagbara/source/repos/Assignments/Payment Platform/backend/src/main/java/com/walletplatform/shared/dto/RegisterRequest.java:[7,8] duplicate class: com.walletplatform.api.dto.RegisterRequest
[ERROR] /C:/Users/fwagbara/source/repos/Assignments/Payment Platform/backend/src/main/java/com/walletplatform/shared/dto/TopUpRequest.java:[7,8] duplicate class: com.walletplatform.api.dto.TopUpRequest
[ERROR] /C:/Users/fwagbara/source/repos/Assignments/Payment Platform/backend/src/main/java/com/walletplatform/shared/dto/TransactionResponse.java:[7,8] duplicate class: com.walletplatform.api.dto.TransactionResponse
[ERROR] /C:/Users/fwagbara/source/repos/Assignments/Payment Platform/backend/src/main/java/com/walletplatform/shared/dto/TransferRequest.java:[8,8] duplicate class: com.walletplatform.api.dto.TransferRequest
[ERROR] /C:/Users/fwagbara/source/repos/Assignments/Payment Platform/backend/src/main/java/com/walletplatform/shared/dto/UpdateDailyLimitRequest.java:[7,8] duplicate class: com.walletplatform.api.dto.UpdateDailyLimitRequest
[ERROR] /C:/Users/fwagbara/source/repos/Assignments/Payment Platform/backend/src/main/java/com/walletplatform/shared/dto/UserResponse.java:[5,8] duplicate class: com.walletplatform.api.dto.UserResponse
[ERROR] /C:/Users/fwagbara/source/repos/Assignments/Payment Platform/backend/src/main/java/com/walletplatform/shared/dto/WalletResponse.java:[7,8] duplicate class: com.walletplatform.api.dto.WalletResponse
[ERROR] /C:/Users/fwagbara/source/repos/Assignments/Payment Platform/backend/src/main/java/com/walletplatform/shared/dto/WithdrawRequest.java:[9,8] duplicate class: com.walletplatform.api.dto.WithdrawRequest
[ERROR] /C:/Users/fwagbara/source/repos/Assignments/Payment Platform/backend/src/main/java/com/walletplatform/shared/mapper/DtoMapper.java:[12,8] duplicate class: com.walletplatform.api.mapper.DtoMapper
[ERROR] /C:/Users/fwagbara/source/repos/Assignments/Payment Platform/backend/src/main/java/com/walletplatform/admin/api/AdminController.java:[8,39] package com.walletplatform.domain.model does not exist
[ERROR] /C:/Users/fwagbara/source/repos/Assignments/Payment Platform/backend/src/main/java/com/walletplatform/admin/application/AdminService.java:[3,39] package com.walletplatform.domain.model does not exist
[ERROR] /C:/Users/fwagbara/source/repos/Assignments/Payment Platform/backend/src/main/java/com/walletplatform/admin/application/AdminService.java:[4,39] package com.walletplatform.domain.model does not exist
[ERROR] /C:/Users/fwagbara/source/repos/Assignments/Payment Platform/backend/src/main/java/com/walletplatform/admin/application/AdminService.java:[5,39] package com.walletplatform.domain.model does not exist
[ERROR] /C:/Users/fwagbara/source/repos/Assignments/Payment Platform/backend/src/main/java/com/walletplatform/admin/application/AdminService.java:[6,39] package com.walletplatform.domain.model does not exist
[ERROR] /C:/Users/fwagbara/source/repos/Assignments/Payment Platform/backend/src/main/java/com/walletplatform/admin/application/AdminService.java:[7,39] package com.walletplatform.domain.model does not exist
[ERROR] /C:/Users/fwagbara/source/repos/Assignments/Payment Platform/backend/src/main/java/com/walletplatform/admin/application/AdminService.java:[8,53] package com.walletplatform.infrastructure.persistence does not exist
[ERROR] /C:/Users/fwagbara/source/repos/Assignments/Payment Platform/backend/src/main/java/com/walletplatform/admin/application/AdminService.java:[9,53] package com.walletplatform.infrastructure.persistence does not exist
[ERROR] /C:/Users/fwagbara/source/repos/Assignments/Payment Platform/backend/src/main/java/com/walletplatform/admin/application/AdminService.java:[10,53] package com.walletplatform.infrastructure.persistence does not exist
[ERROR] /C:/Users/fwagbara/source/repos/Assignments/Payment Platform/backend/src/main/java/com/walletplatform/api/mapper/DtoMapper.java:[6,39] package com.walletplatform.domain.model does not exist
[ERROR] /C:/Users/fwagbara/source/repos/Assignments/Payment Platform/backend/src/main/java/com/walletplatform/api/mapper/DtoMapper.java:[7,39] package com.walletplatform.domain.model does not exist
[ERROR] /C:/Users/fwagbara/source/repos/Assignments/Payment Platform/backend/src/main/java/com/walletplatform/api/mapper/DtoMapper.java:[8,39] package com.walletplatform.domain.model does not exist
[ERROR] /C:/Users/fwagbara/source/repos/Assignments/Payment Platform/backend/src/main/java/com/walletplatform/api/mapper/DtoMapper.java:[14,44] cannot find symbol
[ERROR]   symbol:   class Wallet
[ERROR]   location: class com.walletplatform.api.mapper.DtoMapper
[ERROR] /C:/Users/fwagbara/source/repos/Assignments/Payment Platform/backend/src/main/java/com/walletplatform/api/mapper/DtoMapper.java:[31,44] cannot find symbol
[ERROR]   symbol:   class Wallet
[ERROR]   location: class com.walletplatform.api.mapper.DtoMapper
[ERROR] /C:/Users/fwagbara/source/repos/Assignments/Payment Platform/backend/src/main/java/com/walletplatform/api/mapper/DtoMapper.java:[45,54] cannot find symbol
[ERROR]   symbol:   class Transaction
[ERROR]   location: class com.walletplatform.api.mapper.DtoMapper
[ERROR] /C:/Users/fwagbara/source/repos/Assignments/Payment Platform/backend/src/main/java/com/walletplatform/api/mapper/DtoMapper.java:[63,40] cannot find symbol
[ERROR]   symbol:   class User
[ERROR]   location: class com.walletplatform.api.mapper.DtoMapper
[ERROR] /C:/Users/fwagbara/source/repos/Assignments/Payment Platform/backend/src/main/java/com/walletplatform/admin/application/AdminService.java:[30,19] cannot find symbol
[ERROR]   symbol:   class UserRepository
[ERROR]   location: class com.walletplatform.admin.application.AdminService
[ERROR] /C:/Users/fwagbara/source/repos/Assignments/Payment Platform/backend/src/main/java/com/walletplatform/admin/application/AdminService.java:[31,19] cannot find symbol
[ERROR]   symbol:   class WalletRepository
[ERROR]   location: class com.walletplatform.admin.application.AdminService
[ERROR] /C:/Users/fwagbara/source/repos/Assignments/Payment Platform/backend/src/main/java/com/walletplatform/admin/application/AdminService.java:[32,19] cannot find symbol
[ERROR]   symbol:   class TransactionRepository
[ERROR]   location: class com.walletplatform.admin.application.AdminService
[ERROR] /C:/Users/fwagbara/source/repos/Assignments/Payment Platform/backend/src/main/java/com/walletplatform/ledger/application/BalanceService.java:[3,53] package com.walletplatform.infrastructure.persistence does not exist
[ERROR] /C:/Users/fwagbara/source/repos/Assignments/Payment Platform/backend/src/main/java/com/walletplatform/ledger/application/LedgerService.java:[3,39] package com.walletplatform.domain.model does not exist
[ERROR] /C:/Users/fwagbara/source/repos/Assignments/Payment Platform/backend/src/main/java/com/walletplatform/ledger/application/LedgerService.java:[4,39] package com.walletplatform.domain.model does not exist
[ERROR] /C:/Users/fwagbara/source/repos/Assignments/Payment Platform/backend/src/main/java/com/walletplatform/ledger/application/LedgerService.java:[5,39] package com.walletplatform.domain.model does not exist
[ERROR] /C:/Users/fwagbara/source/repos/Assignments/Payment Platform/backend/src/main/java/com/walletplatform/ledger/application/LedgerService.java:[6,39] package com.walletplatform.domain.model does not exist
[ERROR] /C:/Users/fwagbara/source/repos/Assignments/Payment Platform/backend/src/main/java/com/walletplatform/ledger/application/LedgerService.java:[7,53] package com.walletplatform.infrastructure.persistence does not exist
[ERROR] /C:/Users/fwagbara/source/repos/Assignments/Payment Platform/backend/src/main/java/com/walletplatform/admin/application/AdminService.java:[36,25] cannot find symbol
[ERROR]   symbol:   class UserRepository
[ERROR]   location: class com.walletplatform.admin.application.AdminService
[ERROR] /C:/Users/fwagbara/source/repos/Assignments/Payment Platform/backend/src/main/java/com/walletplatform/admin/application/AdminService.java:[36,56] cannot find symbol
[ERROR]   symbol:   class WalletRepository
[ERROR]   location: class com.walletplatform.admin.application.AdminService
[ERROR] /C:/Users/fwagbara/source/repos/Assignments/Payment Platform/backend/src/main/java/com/walletplatform/admin/application/AdminService.java:[37,25] cannot find symbol
[ERROR]   symbol:   class TransactionRepository
[ERROR]   location: class com.walletplatform.admin.application.AdminService
[ERROR] /C:/Users/fwagbara/source/repos/Assignments/Payment Platform/backend/src/main/java/com/walletplatform/admin/application/AdminService.java:[49,17] cannot find symbol
[ERROR]   symbol:   class User
[ERROR]   location: class com.walletplatform.admin.application.AdminService
[ERROR] /C:/Users/fwagbara/source/repos/Assignments/Payment Platform/backend/src/main/java/com/walletplatform/admin/application/AdminService.java:[54,21] cannot find symbol
[ERROR]   symbol:   class User
[ERROR]   location: class com.walletplatform.admin.application.AdminService
[ERROR] /C:/Users/fwagbara/source/repos/Assignments/Payment Platform/backend/src/main/java/com/walletplatform/admin/application/AdminService.java:[59,17] cannot find symbol
[ERROR]   symbol:   class Wallet
[ERROR]   location: class com.walletplatform.admin.application.AdminService
[ERROR] /C:/Users/fwagbara/source/repos/Assignments/Payment Platform/backend/src/main/java/com/walletplatform/admin/application/AdminService.java:[64,21] cannot find symbol
[ERROR]   symbol:   class User
[ERROR]   location: class com.walletplatform.admin.application.AdminService
[ERROR] /C:/Users/fwagbara/source/repos/Assignments/Payment Platform/backend/src/main/java/com/walletplatform/admin/application/AdminService.java:[76,17] cannot find symbol
[ERROR]   symbol:   class Wallet
[ERROR]   location: class com.walletplatform.admin.application.AdminService
[ERROR] /C:/Users/fwagbara/source/repos/Assignments/Payment Platform/backend/src/main/java/com/walletplatform/admin/application/AdminService.java:[83,17] cannot find symbol
[ERROR]   symbol:   class Transaction
[ERROR]   location: class com.walletplatform.admin.application.AdminService
[ERROR] /C:/Users/fwagbara/source/repos/Assignments/Payment Platform/backend/src/main/java/com/walletplatform/ledger/application/LedgerService.java:[26,19] cannot find symbol
[ERROR]   symbol:   class LedgerEntryRepository
[ERROR]   location: class com.walletplatform.ledger.application.LedgerService
[ERROR] /C:/Users/fwagbara/source/repos/Assignments/Payment Platform/backend/src/main/java/com/walletplatform/ledger/application/LedgerService.java:[28,26] cannot find symbol
[ERROR]   symbol:   class LedgerEntryRepository
[ERROR]   location: class com.walletplatform.ledger.application.LedgerService
[ERROR] /C:/Users/fwagbara/source/repos/Assignments/Payment Platform/backend/src/main/java/com/walletplatform/ledger/application/LedgerService.java:[38,42] cannot find symbol
[ERROR]   symbol:   class Transaction
[ERROR]   location: class com.walletplatform.ledger.application.LedgerService
[ERROR] /C:/Users/fwagbara/source/repos/Assignments/Payment Platform/backend/src/main/java/com/walletplatform/ledger/application/LedgerService.java:[38,67] cannot find symbol
[ERROR]   symbol:   class Wallet
[ERROR]   location: class com.walletplatform.ledger.application.LedgerService
[ERROR] /C:/Users/fwagbara/source/repos/Assignments/Payment Platform/backend/src/main/java/com/walletplatform/ledger/application/LedgerService.java:[38,17] cannot find symbol
[ERROR]   symbol:   class LedgerEntry
[ERROR]   location: class com.walletplatform.ledger.application.LedgerService
[ERROR] /C:/Users/fwagbara/source/repos/Assignments/Payment Platform/backend/src/main/java/com/walletplatform/ledger/application/LedgerService.java:[52,47] cannot find symbol
[ERROR]   symbol:   class Transaction
[ERROR]   location: class com.walletplatform.ledger.application.LedgerService
[ERROR] /C:/Users/fwagbara/source/repos/Assignments/Payment Platform/backend/src/main/java/com/walletplatform/ledger/application/LedgerService.java:[52,72] cannot find symbol
[ERROR]   symbol:   class Wallet
[ERROR]   location: class com.walletplatform.ledger.application.LedgerService
[ERROR] /C:/Users/fwagbara/source/repos/Assignments/Payment Platform/backend/src/main/java/com/walletplatform/ledger/application/LedgerService.java:[52,17] cannot find symbol
[ERROR]   symbol:   class LedgerEntry
[ERROR]   location: class com.walletplatform.ledger.application.LedgerService
[ERROR] /C:/Users/fwagbara/source/repos/Assignments/Payment Platform/backend/src/main/java/com/walletplatform/ledger/application/LedgerService.java:[66,57] cannot find symbol
[ERROR]   symbol:   class Transaction
[ERROR]   location: class com.walletplatform.ledger.application.LedgerService
[ERROR] /C:/Users/fwagbara/source/repos/Assignments/Payment Platform/backend/src/main/java/com/walletplatform/ledger/application/LedgerService.java:[67,58] cannot find symbol
[ERROR]   symbol:   class Wallet
[ERROR]   location: class com.walletplatform.ledger.application.LedgerService
[ERROR] /C:/Users/fwagbara/source/repos/Assignments/Payment Platform/backend/src/main/java/com/walletplatform/ledger/application/LedgerService.java:[68,58] cannot find symbol
[ERROR]   symbol:   class Wallet
[ERROR]   location: class com.walletplatform.ledger.application.LedgerService
[ERROR] /C:/Users/fwagbara/source/repos/Assignments/Payment Platform/backend/src/main/java/com/walletplatform/ledger/application/LedgerService.java:[66,17] cannot find symbol
[ERROR]   symbol:   class LedgerEntry
[ERROR]   location: class com.walletplatform.ledger.application.LedgerService
[ERROR] /C:/Users/fwagbara/source/repos/Assignments/Payment Platform/backend/src/main/java/com/walletplatform/ledger/application/LedgerService.java:[87,58] cannot find symbol
[ERROR]   symbol:   class Transaction
[ERROR]   location: class com.walletplatform.ledger.application.LedgerService
[ERROR] /C:/Users/fwagbara/source/repos/Assignments/Payment Platform/backend/src/main/java/com/walletplatform/ledger/application/LedgerService.java:[88,59] cannot find symbol
[ERROR]   symbol:   class Wallet
[ERROR]   location: class com.walletplatform.ledger.application.LedgerService
[ERROR] /C:/Users/fwagbara/source/repos/Assignments/Payment Platform/backend/src/main/java/com/walletplatform/ledger/application/LedgerService.java:[89,59] cannot find symbol
[ERROR]   symbol:   class Wallet
[ERROR]   location: class com.walletplatform.ledger.application.LedgerService
[ERROR] /C:/Users/fwagbara/source/repos/Assignments/Payment Platform/backend/src/main/java/com/walletplatform/ledger/application/LedgerService.java:[87,17] cannot find symbol
[ERROR]   symbol:   class LedgerEntry
[ERROR]   location: class com.walletplatform.ledger.application.LedgerService
[ERROR] /C:/Users/fwagbara/source/repos/Assignments/Payment Platform/backend/src/main/java/com/walletplatform/ledger/application/LedgerService.java:[105,17] cannot find symbol
[ERROR]   symbol:   class LedgerEntry
[ERROR]   location: class com.walletplatform.ledger.application.LedgerService
[ERROR] /C:/Users/fwagbara/source/repos/Assignments/Payment Platform/backend/src/main/java/com/walletplatform/ledger/application/LedgerService.java:[113,17] cannot find symbol
[ERROR]   symbol:   class LedgerEntry
[ERROR]   location: class com.walletplatform.ledger.application.LedgerService
[ERROR] /C:/Users/fwagbara/source/repos/Assignments/Payment Platform/backend/src/main/java/com/walletplatform/ledger/application/LedgerService.java:[133,40] cannot find symbol
[ERROR]   symbol:   class Currency
[ERROR]   location: class com.walletplatform.ledger.application.LedgerService
[ERROR] /C:/Users/fwagbara/source/repos/Assignments/Payment Platform/backend/src/main/java/com/walletplatform/ledger/application/BalanceService.java:[17,19] cannot find symbol
[ERROR]   symbol:   class LedgerEntryRepository
[ERROR]   location: class com.walletplatform.ledger.application.BalanceService
[ERROR] /C:/Users/fwagbara/source/repos/Assignments/Payment Platform/backend/src/main/java/com/walletplatform/ledger/application/BalanceService.java:[19,27] cannot find symbol
[ERROR]   symbol:   class LedgerEntryRepository
[ERROR]   location: class com.walletplatform.ledger.application.BalanceService
[ERROR] /C:/Users/fwagbara/source/repos/Assignments/Payment Platform/backend/src/main/java/com/walletplatform/api/dto/CreateWalletRequest.java:[3,39] package com.walletplatform.domain.model does not exist
[ERROR] /C:/Users/fwagbara/source/repos/Assignments/Payment Platform/backend/src/main/java/com/walletplatform/api/dto/CreateWalletRequest.java:[9,13] cannot find symbol
[ERROR]   symbol:   class Currency
[ERROR]   location: class com.walletplatform.api.dto.CreateWalletRequest
[ERROR] /C:/Users/fwagbara/source/repos/Assignments/Payment Platform/backend/src/main/java/com/walletplatform/api/dto/CreateWalletRequest.java:[12,32] cannot find symbol
[ERROR]   symbol:   class Currency
[ERROR]   location: class com.walletplatform.api.dto.CreateWalletRequest
[ERROR] /C:/Users/fwagbara/source/repos/Assignments/Payment Platform/backend/src/main/java/com/walletplatform/api/dto/CreateWalletRequest.java:[14,12] cannot find symbol
[ERROR]   symbol:   class Currency
[ERROR]   location: class com.walletplatform.api.dto.CreateWalletRequest
[ERROR] /C:/Users/fwagbara/source/repos/Assignments/Payment Platform/backend/src/main/java/com/walletplatform/api/dto/CreateWalletRequest.java:[15,29] cannot find symbol
[ERROR]   symbol:   class Currency
[ERROR]   location: class com.walletplatform.api.dto.CreateWalletRequest
[ERROR] /C:/Users/fwagbara/source/repos/Assignments/Payment Platform/backend/src/main/java/com/walletplatform/api/exception/GlobalExceptionHandler.java:[45,63] cannot find symbol
[ERROR]   symbol:   class DomainException
[ERROR]   location: class com.walletplatform.api.exception.GlobalExceptionHandler
[ERROR] /C:/Users/fwagbara/source/repos/Assignments/Payment Platform/backend/src/main/java/com/walletplatform/api/exception/GlobalExceptionHandler.java:[52,72] cannot find symbol
[ERROR]   symbol:   class InsufficientFundsException
[ERROR]   location: class com.walletplatform.api.exception.GlobalExceptionHandler
[ERROR] /C:/Users/fwagbara/source/repos/Assignments/Payment Platform/backend/src/main/java/com/walletplatform/api/exception/GlobalExceptionHandler.java:[59,73] cannot find symbol
[ERROR]   symbol:   class DailyLimitExceededException
[ERROR]   location: class com.walletplatform.api.exception.GlobalExceptionHandler
[ERROR] /C:/Users/fwagbara/source/repos/Assignments/Payment Platform/backend/src/main/java/com/walletplatform/api/exception/GlobalExceptionHandler.java:[3,33] package com.walletplatform.domain.exception does not exist
[ERROR] /C:/Users/fwagbara/source/repos/Assignments/Payment Platform/backend/src/main/java/com/walletplatform/identity/api/AuthController.java:[7,39] package com.walletplatform.domain.model does not exist
[ERROR] /C:/Users/fwagbara/source/repos/Assignments/Payment Platform/backend/src/main/java/com/walletplatform/identity/api/UserController.java:[7,39] package com.walletplatform.domain.model does not exist
[ERROR] /C:/Users/fwagbara/source/repos/Assignments/Payment Platform/backend/src/main/java/com/walletplatform/identity/api/UserController.java:[8,39] package com.walletplatform.domain.model does not exist
[ERROR] /C:/Users/fwagbara/source/repos/Assignments/Payment Platform/backend/src/main/java/com/walletplatform/wallet/application/WalletService.java:[3,39] package com.walletplatform.domain.event does not exist
[ERROR] /C:/Users/fwagbara/source/repos/Assignments/Payment Platform/backend/src/main/java/com/walletplatform/wallet/application/WalletService.java:[4,43] package com.walletplatform.domain.exception does not exist
[ERROR] /C:/Users/fwagbara/source/repos/Assignments/Payment Platform/backend/src/main/java/com/walletplatform/wallet/application/WalletService.java:[5,43] package com.walletplatform.domain.exception does not exist
[ERROR] /C:/Users/fwagbara/source/repos/Assignments/Payment Platform/backend/src/main/java/com/walletplatform/wallet/application/WalletService.java:[6,43] package com.walletplatform.domain.exception does not exist
[ERROR] /C:/Users/fwagbara/source/repos/Assignments/Payment Platform/backend/src/main/java/com/walletplatform/wallet/application/WalletService.java:[8,48] package com.walletplatform.infrastructure.config does not exist
[ERROR] /C:/Users/fwagbara/source/repos/Assignments/Payment Platform/backend/src/main/java/com/walletplatform/wallet/application/WalletService.java:[9,53] package com.walletplatform.infrastructure.persistence does not exist
[ERROR] /C:/Users/fwagbara/source/repos/Assignments/Payment Platform/backend/src/main/java/com/walletplatform/wallet/application/WalletService.java:[10,53] package com.walletplatform.infrastructure.persistence does not exist
[ERROR] /C:/Users/fwagbara/source/repos/Assignments/Payment Platform/backend/src/main/java/com/walletplatform/wallet/application/WalletService.java:[27,19] cannot find symbol
[ERROR]   symbol:   class WalletRepository
[ERROR]   location: class com.walletplatform.wallet.application.WalletService
[ERROR] /C:/Users/fwagbara/source/repos/Assignments/Payment Platform/backend/src/main/java/com/walletplatform/wallet/application/WalletService.java:[28,19] cannot find symbol
[ERROR]   symbol:   class TransactionRepository
[ERROR]   location: class com.walletplatform.wallet.application.WalletService
[ERROR] /C:/Users/fwagbara/source/repos/Assignments/Payment Platform/backend/src/main/java/com/walletplatform/wallet/application/WalletService.java:[29,19] cannot find symbol
[ERROR]   symbol:   class ExchangeRateService
[ERROR]   location: class com.walletplatform.wallet.application.WalletService
[ERROR] /C:/Users/fwagbara/source/repos/Assignments/Payment Platform/backend/src/main/java/com/walletplatform/wallet/application/WalletService.java:[33,26] cannot find symbol
[ERROR]   symbol:   class WalletRepository
[ERROR]   location: class com.walletplatform.wallet.application.WalletService
[ERROR] /C:/Users/fwagbara/source/repos/Assignments/Payment Platform/backend/src/main/java/com/walletplatform/wallet/application/WalletService.java:[33,61] cannot find symbol
[ERROR]   symbol:   class TransactionRepository
[ERROR]   location: class com.walletplatform.wallet.application.WalletService
[ERROR] /C:/Users/fwagbara/source/repos/Assignments/Payment Platform/backend/src/main/java/com/walletplatform/wallet/application/WalletService.java:[34,26] cannot find symbol
[ERROR]   symbol:   class ExchangeRateService
[ERROR]   location: class com.walletplatform.wallet.application.WalletService
[ERROR] /C:/Users/fwagbara/source/repos/Assignments/Payment Platform/backend/src/main/java/com/walletplatform/wallet/application/WalletService.java:[44,32] cannot find symbol
[ERROR]   symbol:   class User
[ERROR]   location: class com.walletplatform.wallet.application.WalletService
[ERROR] /C:/Users/fwagbara/source/repos/Assignments/Payment Platform/backend/src/main/java/com/walletplatform/wallet/application/WalletService.java:[44,44] cannot find symbol
[ERROR]   symbol:   class Currency
[ERROR]   location: class com.walletplatform.wallet.application.WalletService
[ERROR] /C:/Users/fwagbara/source/repos/Assignments/Payment Platform/backend/src/main/java/com/walletplatform/wallet/application/WalletService.java:[44,12] cannot find symbol
[ERROR]   symbol:   class Wallet
[ERROR]   location: class com.walletplatform.wallet.application.WalletService
[ERROR] /C:/Users/fwagbara/source/repos/Assignments/Payment Platform/backend/src/main/java/com/walletplatform/wallet/application/WalletService.java:[70,17] cannot find symbol
[ERROR]   symbol:   class Wallet
[ERROR]   location: class com.walletplatform.wallet.application.WalletService
[ERROR] /C:/Users/fwagbara/source/repos/Assignments/Payment Platform/backend/src/main/java/com/walletplatform/wallet/application/WalletService.java:[75,12] cannot find symbol
[ERROR]   symbol:   class Wallet
[ERROR]   location: class com.walletplatform.wallet.application.WalletService
[ERROR] /C:/Users/fwagbara/source/repos/Assignments/Payment Platform/backend/src/main/java/com/walletplatform/wallet/application/WalletService.java:[81,12] cannot find symbol
[ERROR]   symbol:   class Wallet
[ERROR]   location: class com.walletplatform.wallet.application.WalletService
[ERROR] /C:/Users/fwagbara/source/repos/Assignments/Payment Platform/backend/src/main/java/com/walletplatform/wallet/application/WalletService.java:[87,12] cannot find symbol
[ERROR]   symbol:   class Transaction
[ERROR]   location: class com.walletplatform.wallet.application.WalletService
[ERROR] /C:/Users/fwagbara/source/repos/Assignments/Payment Platform/backend/src/main/java/com/walletplatform/wallet/application/WalletService.java:[138,12] cannot find symbol
[ERROR]   symbol:   class Transaction
[ERROR]   location: class com.walletplatform.wallet.application.WalletService
[ERROR] -> [Help 1]
[ERROR] 
[ERROR] To see the full stack trace of the errors, re-run Maven with the -e switch.
[ERROR] Re-run Maven using the -X switch to enable full debug logging.
[ERROR] 
[ERROR] For more information about the errors and possible solutions, please read the following articles:
[ERROR] [Help 1] http://cwiki.apache.org/confluence/display/MAVEN/MojoFailureException
