mvn : WARNING: A terminally deprecated method in 
sun.misc.Unsafe has been called
At line:1 char:1
+ mvn compile 2>&1 > compile_output.txt; 
Select-String -Path compile_ou ...
+ ~~~~~~~~~~~~~~~~~~~~~~~~~~~~~~~~~~~~~
    + CategoryInfo          : NotSpecified: (WARNIN 
   G: A term...has been called:String) [], RemoteE  
  xception
    + FullyQualifiedErrorId : NativeCommandError
 
WARNING: sun.misc.Unsafe::staticFieldBase has been 
called by 
com.google.inject.internal.aop.HiddenClassDefiner (f
ile:/C:/ProgramData/chocolatey/lib/maven/apache-mave
n-3.9.11/lib/guice-5.1.0-classes.jar)
WARNING: Please consider reporting this to the 
maintainers of class 
com.google.inject.internal.aop.HiddenClassDefiner
WARNING: sun.misc.Unsafe::staticFieldBase will be 
removed in a future release
[INFO] Scanning for projects...
[INFO] 
[INFO] -----------------< com.walletplatform:wallet-platform >-----------------
[INFO] Building Digital Wallet Platform 1.0.0-SNAPSHOT
[INFO]   from pom.xml
[INFO] --------------------------------[ jar ]---------------------------------
[INFO] 
[INFO] --- resources:3.3.1:resources (default-resources) @ wallet-platform ---
[INFO] Copying 1 resource from src\main\resources to target\classes
[INFO] Copying 0 resource from src\main\resources to target\classes
[INFO] 
[INFO] --- compiler:3.13.0:compile (default-compile) @ wallet-platform ---
[INFO] Recompiling the module because of added or removed source files.
[INFO] Compiling 74 source files with javac [debug parameters release 21] to target\classes
[INFO] ------------------------------------------------------------------------
[INFO] BUILD SUCCESS
[INFO] ------------------------------------------------------------------------
[INFO] Total time:  9.586 s
[INFO] Finished at: 2025-12-16T12:02:33+01:00
[INFO] ------------------------------------------------------------------------
